---
source: graphql-parser/tests/tests.rs
expression: "format!(\"{}\\n---\\n{:#?}\", & input, & parse_schema_result)"
---
onion Feed = Story | Article | Advert

---
Err(
    ParseError(
        "Parse error at 1:1\nUnexpected `onion[Name]`\nExpected `schema`, `extend`, `scalar`, `type`, `interface`, `union`, `enum`, `input`, `query`, `mutation`, `subscription`, `fragment` or `directive`\n",
    ),
)
