---
source: graphql-parser/tests/tests.rs
expression: "format!(\"{}\\n---\\n{:#?}\", & input, & visit_parse_schema(& ast))"
---
query Foo($site: String = "string") {
  field
}

---
Print {
    output: [
        Visit {
            event: "enter_schema",
            name: None,
        },
        Visit {
            event: "enter_schema_def",
            name: Some(
                "Foo",
            ),
        },
        Visit {
            event: "enter_sel_set",
            name: None,
        },
        Visit {
            event: "enter_sel",
            name: Some(
                "field",
            ),
        },
        Visit {
            event: "enter_sel_set",
            name: None,
        },
        Visit {
            event: "leave_sel_set",
            name: None,
        },
        Visit {
            event: "leave_sel",
            name: Some(
                "field",
            ),
        },
        Visit {
            event: "leave_sel_set",
            name: None,
        },
        Visit {
            event: "leave_schema_def",
            name: Some(
                "Foo",
            ),
        },
        Visit {
            event: "leave_schema",
            name: None,
        },
    ],
}
