---
source: graphql-parser/tests/tests.rs
expression: "format!(\"{}\\n---\\n{:#?}\", & input, visit_parse_schema(& ast))"
---
"""
Directs the executor to include this field or fragment only when the `if` argument is true.
"""
directive @include(
  """
  Included when true.
  """
  if: Boolean!
) on FIELD | FRAGMENT_SPREAD | INLINE_FRAGMENT

"""
Directs the executor to skip this field or fragment when the `if` argument is true.
"""
directive @skip(
  """
  Skipped when true.
  """
  if: Boolean!
) on FIELD | FRAGMENT_SPREAD | INLINE_FRAGMENT

---
Print {
    output: [
        Visit {
            event: "enter_schema",
            name: None,
        },
        Visit {
            event: "enter_schema_def",
            name: Some(
                "include",
            ),
        },
        Visit {
            event: "leave_schema_def",
            name: Some(
                "include",
            ),
        },
        Visit {
            event: "enter_schema_def",
            name: Some(
                "skip",
            ),
        },
        Visit {
            event: "leave_schema_def",
            name: Some(
                "skip",
            ),
        },
        Visit {
            event: "leave_schema",
            name: None,
        },
    ],
}
