---
source: stargate/crates/graphql-parser/tests/tests.rs
expression: "format!(\"{}\\n---\\n{:#?}\", & include_str!(\"directive.graphql\") .\n        replace(\"\\r\\n\", \"\\n\"), & result)"
---
directive @skip(if: Boolean!) on FIELD | FRAGMENT_SPREAD | INLINE_FRAGMENT

---
Ok(
    Document {
        definitions: [
            Directive(
                DirectiveDefinition {
                    position: Pos(1:1),
                    description: None,
                    name: "skip",
                    arguments: [
                        InputValue {
                            position: Pos(1:17),
                            description: None,
                            name: "if",
                            value_type: NonNullType(
                                NamedType(
                                    "Boolean",
                                ),
                            ),
                            default_value: None,
                            directives: [],
                        },
                    ],
                    locations: [
                        Field,
                        FragmentSpread,
                        InlineFragment,
                    ],
                    is_repeatable: false,
                },
            ),
        ],
    },
)
