---
source: graphql-parser/tests/tests.rs
expression: "format!(\"{}\\n---\\n{:#?}\", & input, & parse_schema_result)"
---
extend scalar CustomScalar @onScalar

---
Ok(
    Document {
        definitions: [
            TypeExtension(
                Scalar(
                    ScalarTypeExtension {
                        position: Pos(1:8),
                        name: "CustomScalar",
                        directives: [
                            Directive {
                                position: Pos(1:28),
                                name: "onScalar",
                                arguments: [],
                            },
                        ],
                    },
                ),
            ),
        ],
    },
)
