---
source: graphql-parser/tests/tests.rs
expression: "format!(\"{}\\n---\\n{:#?}\", & input, & result)"
---
"This is the best scalar type"
scalar BestType @perfectness(value: 100500)

---
Err(
    ParseError(
        "Parse error at 1:1\nUnexpected `\"This is the best scalar type\"[StringValue]`\nExpected `{`, `query`, `mutation`, `subscription` or `fragment`\n",
    ),
)
