---
source: harmonizer/src/lib.rs
expression: "harmonize(vec![SubgraphDefinition ::\n               new(\"users\", \"undefined\",\n                   \"\n            type User @key(fields: \\\"id\\\") {\n              id: ID\n              name: String\n            }\n\n            type Query {\n              users: [User!]\n            }\n          \"),\n               SubgraphDefinition ::\n               new(\"movies\", \"undefined\",\n                   \"\n            type Movie {\n              title: String\n              name: String\n            }\n\n            type User @key(fields: \\\"id\\\") {\n              id: ID\n              favorites: [Movie!]\n            }\n\n            type Query {\n              movies: [Movie!]\n            }\n          \")]).unwrap().supergraph_sdl"

---
schema
  @core(feature: "https://specs.apollo.dev/core/v0.2"),
  @core(feature: "https://specs.apollo.dev/join/v0.1", for: EXECUTION)
{
  query: Query
}

directive @core(as: String, feature: String!, for: core__Purpose) repeatable on SCHEMA

directive @join__field(graph: join__Graph, provides: join__FieldSet, requires: join__FieldSet) on FIELD_DEFINITION

directive @join__graph(name: String!, url: String!) on ENUM_VALUE

directive @join__owner(graph: join__Graph!) on INTERFACE | OBJECT

directive @join__type(graph: join__Graph!, key: join__FieldSet) repeatable on INTERFACE | OBJECT

type Movie {
  name: String
  title: String
}

type Query {
  movies: [Movie!] @join__field(graph: MOVIES)
  users: [User!] @join__field(graph: USERS)
}

type User
  @join__owner(graph: USERS)
  @join__type(graph: USERS, key: "id")
{
  favorites: [Movie!] @join__field(graph: MOVIES)
  id: ID @join__field(graph: USERS)
  name: String @join__field(graph: USERS)
}

enum core__Purpose {
  """
  `EXECUTION` features provide metadata necessary to for operation execution.
  """
  EXECUTION

  """
  `SECURITY` features provide metadata necessary to securely resolve fields.
  """
  SECURITY
}

scalar join__FieldSet

enum join__Graph {
  MOVIES @join__graph(name: "movies" url: "undefined")
  USERS @join__graph(name: "users" url: "undefined")
}

