---
source: graphql-parser/tests/tests.rs
expression: "format!(\"{}\\n---\\n{:#?}\", & input, & result)"
---
# Copyright (c) 2015-present, Facebook, Inc.
#
# This source code is licensed under the MIT license found in the
# LICENSE file in the root directory of this source tree.

schema {
  query: QueryType
  mutation: MutationType
}

"""
This is a description
of the `Foo` type.
"""
type Foo implements Bar & Baz {
  one: Type
  two(argument: InputType!): Type
  three(argument: InputType, other: String): Int
  four(argument: String = "string"): String
  five(argument: [String] = ["string", "string"]): String
  six(argument: InputType = {key: "value"}): Type
  seven(argument: Int = null): Type
}

type AnnotatedObject @onObject(arg: "value") {
  annotatedField(arg: Type = "default" @onArg): Type @onField
}

type UndefinedType

extend type Foo {
  seven(argument: [String]): Type
}

extend type Foo @onType

interface Bar {
  one: Type
  four(argument: String = "string"): String
}

interface AnnotatedInterface @onInterface {
  annotatedField(arg: Type @onArg): Type @onField
}

interface UndefinedInterface

extend interface Bar {
  two(argument: InputType!): Type
}

extend interface Bar @onInterface

union Feed = Story | Article | Advert

union AnnotatedUnion @onUnion = A | B

union AnnotatedUnionTwo @onUnion = | A | B

union UndefinedUnion

extend union Feed = Photo | Video

extend union Feed @onUnion

scalar CustomScalar

scalar AnnotatedScalar @onScalar

extend scalar CustomScalar @onScalar

enum Site {
  DESKTOP
  MOBILE
}

enum AnnotatedEnum @onEnum {
  ANNOTATED_VALUE @onEnumValue
  OTHER_VALUE
}

enum UndefinedEnum

extend enum Site {
  VR
}

extend enum Site @onEnum

input InputType {
  key: String!
  answer: Int = 42
}

input AnnotatedInput @onInputObject {
  annotatedField: Type @onField
}

input UndefinedInput

extend input InputType {
  other: Float = 1.23e4
}

extend input InputType @onInputObject

directive @skip(if: Boolean!) on FIELD | FRAGMENT_SPREAD | INLINE_FRAGMENT

directive @include(if: Boolean!)
  on FIELD
   | FRAGMENT_SPREAD
   | INLINE_FRAGMENT

directive @include2(if: Boolean!) on
  | FIELD
  | FRAGMENT_SPREAD
  | INLINE_FRAGMENT

fragment SomeNamedFragment on SomeType {
  fieldOne
  aliased: fieldTwo {
    some { deep }
  }
  yetAnother @withADirective(param: 3, enumParam: VALUE)
}

query StoredQuery($param: InputType, $other: ScalarType) {
  lookup {
    various things  
  }
}
---
Ok(
    Document {
        definitions: [
            Schema(
                SchemaDefinition {
                    position: Pos(10:1),
                    directives: [],
                    query: Some(
                        "QueryType",
                    ),
                    mutation: Some(
                        "MutationType",
                    ),
                    subscription: None,
                },
            ),
            Type(
                Object(
                    ObjectType {
                        position: Pos(19:1),
                        description: Some(
                            "This is a description\nof the `Foo` type.\n",
                        ),
                        name: "Foo",
                        implements_interfaces: [
                            "Bar",
                            "Baz",
                        ],
                        directives: [],
                        fields: [
                            Field {
                                position: Pos(20:3),
                                description: None,
                                name: "one",
                                arguments: [],
                                field_type: NamedType(
                                    "Type",
                                ),
                                directives: [],
                            },
                            Field {
                                position: Pos(21:3),
                                description: None,
                                name: "two",
                                arguments: [
                                    InputValue {
                                        position: Pos(21:7),
                                        description: None,
                                        name: "argument",
                                        value_type: NonNullType(
                                            NamedType(
                                                "InputType",
                                            ),
                                        ),
                                        default_value: None,
                                        directives: [],
                                    },
                                ],
                                field_type: NamedType(
                                    "Type",
                                ),
                                directives: [],
                            },
                            Field {
                                position: Pos(22:3),
                                description: None,
                                name: "three",
                                arguments: [
                                    InputValue {
                                        position: Pos(22:9),
                                        description: None,
                                        name: "argument",
                                        value_type: NamedType(
                                            "InputType",
                                        ),
                                        default_value: None,
                                        directives: [],
                                    },
                                    InputValue {
                                        position: Pos(22:30),
                                        description: None,
                                        name: "other",
                                        value_type: NamedType(
                                            "String",
                                        ),
                                        default_value: None,
                                        directives: [],
                                    },
                                ],
                                field_type: NamedType(
                                    "Int",
                                ),
                                directives: [],
                            },
                            Field {
                                position: Pos(23:3),
                                description: None,
                                name: "four",
                                arguments: [
                                    InputValue {
                                        position: Pos(23:8),
                                        description: None,
                                        name: "argument",
                                        value_type: NamedType(
                                            "String",
                                        ),
                                        default_value: Some(
                                            String(
                                                "string",
                                            ),
                                        ),
                                        directives: [],
                                    },
                                ],
                                field_type: NamedType(
                                    "String",
                                ),
                                directives: [],
                            },
                            Field {
                                position: Pos(24:3),
                                description: None,
                                name: "five",
                                arguments: [
                                    InputValue {
                                        position: Pos(24:8),
                                        description: None,
                                        name: "argument",
                                        value_type: ListType(
                                            NamedType(
                                                "String",
                                            ),
                                        ),
                                        default_value: Some(
                                            List(
                                                [
                                                    String(
                                                        "string",
                                                    ),
                                                    String(
                                                        "string",
                                                    ),
                                                ],
                                            ),
                                        ),
                                        directives: [],
                                    },
                                ],
                                field_type: NamedType(
                                    "String",
                                ),
                                directives: [],
                            },
                            Field {
                                position: Pos(25:3),
                                description: None,
                                name: "six",
                                arguments: [
                                    InputValue {
                                        position: Pos(25:7),
                                        description: None,
                                        name: "argument",
                                        value_type: NamedType(
                                            "InputType",
                                        ),
                                        default_value: Some(
                                            Object(
                                                {
                                                    "key": String(
                                                        "value",
                                                    ),
                                                },
                                            ),
                                        ),
                                        directives: [],
                                    },
                                ],
                                field_type: NamedType(
                                    "Type",
                                ),
                                directives: [],
                            },
                            Field {
                                position: Pos(26:3),
                                description: None,
                                name: "seven",
                                arguments: [
                                    InputValue {
                                        position: Pos(26:9),
                                        description: None,
                                        name: "argument",
                                        value_type: NamedType(
                                            "Int",
                                        ),
                                        default_value: Some(
                                            Null,
                                        ),
                                        directives: [],
                                    },
                                ],
                                field_type: NamedType(
                                    "Type",
                                ),
                                directives: [],
                            },
                        ],
                    },
                ),
            ),
            Type(
                Object(
                    ObjectType {
                        position: Pos(29:1),
                        description: None,
                        name: "AnnotatedObject",
                        implements_interfaces: [],
                        directives: [
                            Directive {
                                position: Pos(29:22),
                                name: "onObject",
                                arguments: [
                                    (
                                        "arg",
                                        String(
                                            "value",
                                        ),
                                    ),
                                ],
                            },
                        ],
                        fields: [
                            Field {
                                position: Pos(30:3),
                                description: None,
                                name: "annotatedField",
                                arguments: [
                                    InputValue {
                                        position: Pos(30:18),
                                        description: None,
                                        name: "arg",
                                        value_type: NamedType(
                                            "Type",
                                        ),
                                        default_value: Some(
                                            String(
                                                "default",
                                            ),
                                        ),
                                        directives: [
                                            Directive {
                                                position: Pos(30:40),
                                                name: "onArg",
                                                arguments: [],
                                            },
                                        ],
                                    },
                                ],
                                field_type: NamedType(
                                    "Type",
                                ),
                                directives: [
                                    Directive {
                                        position: Pos(30:54),
                                        name: "onField",
                                        arguments: [],
                                    },
                                ],
                            },
                        ],
                    },
                ),
            ),
            Type(
                Object(
                    ObjectType {
                        position: Pos(33:1),
                        description: None,
                        name: "UndefinedType",
                        implements_interfaces: [],
                        directives: [],
                        fields: [],
                    },
                ),
            ),
            TypeExtension(
                Object(
                    ObjectTypeExtension {
                        position: Pos(35:8),
                        name: "Foo",
                        implements_interfaces: [],
                        directives: [],
                        fields: [
                            Field {
                                position: Pos(36:3),
                                description: None,
                                name: "seven",
                                arguments: [
                                    InputValue {
                                        position: Pos(36:9),
                                        description: None,
                                        name: "argument",
                                        value_type: ListType(
                                            NamedType(
                                                "String",
                                            ),
                                        ),
                                        default_value: None,
                                        directives: [],
                                    },
                                ],
                                field_type: NamedType(
                                    "Type",
                                ),
                                directives: [],
                            },
                        ],
                    },
                ),
            ),
            TypeExtension(
                Object(
                    ObjectTypeExtension {
                        position: Pos(39:8),
                        name: "Foo",
                        implements_interfaces: [],
                        directives: [
                            Directive {
                                position: Pos(39:17),
                                name: "onType",
                                arguments: [],
                            },
                        ],
                        fields: [],
                    },
                ),
            ),
            Type(
                Interface(
                    InterfaceType {
                        position: Pos(41:1),
                        description: None,
                        name: "Bar",
                        implements_interfaces: [],
                        directives: [],
                        fields: [
                            Field {
                                position: Pos(42:3),
                                description: None,
                                name: "one",
                                arguments: [],
                                field_type: NamedType(
                                    "Type",
                                ),
                                directives: [],
                            },
                            Field {
                                position: Pos(43:3),
                                description: None,
                                name: "four",
                                arguments: [
                                    InputValue {
                                        position: Pos(43:8),
                                        description: None,
                                        name: "argument",
                                        value_type: NamedType(
                                            "String",
                                        ),
                                        default_value: Some(
                                            String(
                                                "string",
                                            ),
                                        ),
                                        directives: [],
                                    },
                                ],
                                field_type: NamedType(
                                    "String",
                                ),
                                directives: [],
                            },
                        ],
                    },
                ),
            ),
            Type(
                Interface(
                    InterfaceType {
                        position: Pos(46:1),
                        description: None,
                        name: "AnnotatedInterface",
                        implements_interfaces: [],
                        directives: [
                            Directive {
                                position: Pos(46:30),
                                name: "onInterface",
                                arguments: [],
                            },
                        ],
                        fields: [
                            Field {
                                position: Pos(47:3),
                                description: None,
                                name: "annotatedField",
                                arguments: [
                                    InputValue {
                                        position: Pos(47:18),
                                        description: None,
                                        name: "arg",
                                        value_type: NamedType(
                                            "Type",
                                        ),
                                        default_value: None,
                                        directives: [
                                            Directive {
                                                position: Pos(47:28),
                                                name: "onArg",
                                                arguments: [],
                                            },
                                        ],
                                    },
                                ],
                                field_type: NamedType(
                                    "Type",
                                ),
                                directives: [
                                    Directive {
                                        position: Pos(47:42),
                                        name: "onField",
                                        arguments: [],
                                    },
                                ],
                            },
                        ],
                    },
                ),
            ),
            Type(
                Interface(
                    InterfaceType {
                        position: Pos(50:1),
                        description: None,
                        name: "UndefinedInterface",
                        implements_interfaces: [],
                        directives: [],
                        fields: [],
                    },
                ),
            ),
            TypeExtension(
                Interface(
                    InterfaceTypeExtension {
                        position: Pos(52:8),
                        name: "Bar",
                        directives: [],
                        fields: [
                            Field {
                                position: Pos(53:3),
                                description: None,
                                name: "two",
                                arguments: [
                                    InputValue {
                                        position: Pos(53:7),
                                        description: None,
                                        name: "argument",
                                        value_type: NonNullType(
                                            NamedType(
                                                "InputType",
                                            ),
                                        ),
                                        default_value: None,
                                        directives: [],
                                    },
                                ],
                                field_type: NamedType(
                                    "Type",
                                ),
                                directives: [],
                            },
                        ],
                    },
                ),
            ),
            TypeExtension(
                Interface(
                    InterfaceTypeExtension {
                        position: Pos(56:8),
                        name: "Bar",
                        directives: [
                            Directive {
                                position: Pos(56:22),
                                name: "onInterface",
                                arguments: [],
                            },
                        ],
                        fields: [],
                    },
                ),
            ),
            Type(
                Union(
                    UnionType {
                        position: Pos(58:1),
                        description: None,
                        name: "Feed",
                        directives: [],
                        types: [
                            "Story",
                            "Article",
                            "Advert",
                        ],
                    },
                ),
            ),
            Type(
                Union(
                    UnionType {
                        position: Pos(60:1),
                        description: None,
                        name: "AnnotatedUnion",
                        directives: [
                            Directive {
                                position: Pos(60:22),
                                name: "onUnion",
                                arguments: [],
                            },
                        ],
                        types: [
                            "A",
                            "B",
                        ],
                    },
                ),
            ),
            Type(
                Union(
                    UnionType {
                        position: Pos(62:1),
                        description: None,
                        name: "AnnotatedUnionTwo",
                        directives: [
                            Directive {
                                position: Pos(62:25),
                                name: "onUnion",
                                arguments: [],
                            },
                        ],
                        types: [
                            "A",
                            "B",
                        ],
                    },
                ),
            ),
            Type(
                Union(
                    UnionType {
                        position: Pos(64:1),
                        description: None,
                        name: "UndefinedUnion",
                        directives: [],
                        types: [],
                    },
                ),
            ),
            TypeExtension(
                Union(
                    UnionTypeExtension {
                        position: Pos(66:8),
                        name: "Feed",
                        directives: [],
                        types: [
                            "Photo",
                            "Video",
                        ],
                    },
                ),
            ),
            TypeExtension(
                Union(
                    UnionTypeExtension {
                        position: Pos(68:8),
                        name: "Feed",
                        directives: [
                            Directive {
                                position: Pos(68:19),
                                name: "onUnion",
                                arguments: [],
                            },
                        ],
                        types: [],
                    },
                ),
            ),
            Type(
                Scalar(
                    ScalarType {
                        position: Pos(70:1),
                        description: None,
                        name: "CustomScalar",
                        directives: [],
                    },
                ),
            ),
            Type(
                Scalar(
                    ScalarType {
                        position: Pos(72:1),
                        description: None,
                        name: "AnnotatedScalar",
                        directives: [
                            Directive {
                                position: Pos(72:24),
                                name: "onScalar",
                                arguments: [],
                            },
                        ],
                    },
                ),
            ),
            TypeExtension(
                Scalar(
                    ScalarTypeExtension {
                        position: Pos(74:8),
                        name: "CustomScalar",
                        directives: [
                            Directive {
                                position: Pos(74:28),
                                name: "onScalar",
                                arguments: [],
                            },
                        ],
                    },
                ),
            ),
            Type(
                Enum(
                    EnumType {
                        position: Pos(76:1),
                        description: None,
                        name: "Site",
                        directives: [],
                        values: [
                            EnumValue {
                                position: Pos(77:3),
                                description: None,
                                name: "DESKTOP",
                                directives: [],
                            },
                            EnumValue {
                                position: Pos(78:3),
                                description: None,
                                name: "MOBILE",
                                directives: [],
                            },
                        ],
                    },
                ),
            ),
            Type(
                Enum(
                    EnumType {
                        position: Pos(81:1),
                        description: None,
                        name: "AnnotatedEnum",
                        directives: [
                            Directive {
                                position: Pos(81:20),
                                name: "onEnum",
                                arguments: [],
                            },
                        ],
                        values: [
                            EnumValue {
                                position: Pos(82:3),
                                description: None,
                                name: "ANNOTATED_VALUE",
                                directives: [
                                    Directive {
                                        position: Pos(82:19),
                                        name: "onEnumValue",
                                        arguments: [],
                                    },
                                ],
                            },
                            EnumValue {
                                position: Pos(83:3),
                                description: None,
                                name: "OTHER_VALUE",
                                directives: [],
                            },
                        ],
                    },
                ),
            ),
            Type(
                Enum(
                    EnumType {
                        position: Pos(86:1),
                        description: None,
                        name: "UndefinedEnum",
                        directives: [],
                        values: [],
                    },
                ),
            ),
            TypeExtension(
                Enum(
                    EnumTypeExtension {
                        position: Pos(88:8),
                        name: "Site",
                        directives: [],
                        values: [
                            EnumValue {
                                position: Pos(89:3),
                                description: None,
                                name: "VR",
                                directives: [],
                            },
                        ],
                    },
                ),
            ),
            TypeExtension(
                Enum(
                    EnumTypeExtension {
                        position: Pos(92:8),
                        name: "Site",
                        directives: [
                            Directive {
                                position: Pos(92:18),
                                name: "onEnum",
                                arguments: [],
                            },
                        ],
                        values: [],
                    },
                ),
            ),
            Type(
                InputObject(
                    InputObjectType {
                        position: Pos(94:1),
                        description: None,
                        name: "InputType",
                        directives: [],
                        fields: [
                            InputValue {
                                position: Pos(95:3),
                                description: None,
                                name: "key",
                                value_type: NonNullType(
                                    NamedType(
                                        "String",
                                    ),
                                ),
                                default_value: None,
                                directives: [],
                            },
                            InputValue {
                                position: Pos(96:3),
                                description: None,
                                name: "answer",
                                value_type: NamedType(
                                    "Int",
                                ),
                                default_value: Some(
                                    Int(
                                        42,
                                    ),
                                ),
                                directives: [],
                            },
                        ],
                    },
                ),
            ),
            Type(
                InputObject(
                    InputObjectType {
                        position: Pos(99:1),
                        description: None,
                        name: "AnnotatedInput",
                        directives: [
                            Directive {
                                position: Pos(99:22),
                                name: "onInputObject",
                                arguments: [],
                            },
                        ],
                        fields: [
                            InputValue {
                                position: Pos(100:3),
                                description: None,
                                name: "annotatedField",
                                value_type: NamedType(
                                    "Type",
                                ),
                                default_value: None,
                                directives: [
                                    Directive {
                                        position: Pos(100:24),
                                        name: "onField",
                                        arguments: [],
                                    },
                                ],
                            },
                        ],
                    },
                ),
            ),
            Type(
                InputObject(
                    InputObjectType {
                        position: Pos(103:1),
                        description: None,
                        name: "UndefinedInput",
                        directives: [],
                        fields: [],
                    },
                ),
            ),
            TypeExtension(
                InputObject(
                    InputObjectTypeExtension {
                        position: Pos(105:8),
                        name: "InputType",
                        directives: [],
                        fields: [
                            InputValue {
                                position: Pos(106:3),
                                description: None,
                                name: "other",
                                value_type: NamedType(
                                    "Float",
                                ),
                                default_value: Some(
                                    Float(
                                        NotNan(
                                            12300.0,
                                        ),
                                    ),
                                ),
                                directives: [],
                            },
                        ],
                    },
                ),
            ),
            TypeExtension(
                InputObject(
                    InputObjectTypeExtension {
                        position: Pos(109:8),
                        name: "InputType",
                        directives: [
                            Directive {
                                position: Pos(109:24),
                                name: "onInputObject",
                                arguments: [],
                            },
                        ],
                        fields: [],
                    },
                ),
            ),
            Directive(
                DirectiveDefinition {
                    position: Pos(111:1),
                    description: None,
                    name: "skip",
                    arguments: [
                        InputValue {
                            position: Pos(111:17),
                            description: None,
                            name: "if",
                            value_type: NonNullType(
                                NamedType(
                                    "Boolean",
                                ),
                            ),
                            default_value: None,
                            directives: [],
                        },
                    ],
                    locations: [
                        Field,
                        FragmentSpread,
                        InlineFragment,
                    ],
                },
            ),
            Directive(
                DirectiveDefinition {
                    position: Pos(113:1),
                    description: None,
                    name: "include",
                    arguments: [
                        InputValue {
                            position: Pos(113:20),
                            description: None,
                            name: "if",
                            value_type: NonNullType(
                                NamedType(
                                    "Boolean",
                                ),
                            ),
                            default_value: None,
                            directives: [],
                        },
                    ],
                    locations: [
                        Field,
                        FragmentSpread,
                        InlineFragment,
                    ],
                },
            ),
            Directive(
                DirectiveDefinition {
                    position: Pos(118:1),
                    description: None,
                    name: "include2",
                    arguments: [
                        InputValue {
                            position: Pos(118:21),
                            description: None,
                            name: "if",
                            value_type: NonNullType(
                                NamedType(
                                    "Boolean",
                                ),
                            ),
                            default_value: None,
                            directives: [],
                        },
                    ],
                    locations: [
                        Field,
                        FragmentSpread,
                        InlineFragment,
                    ],
                },
            ),
            Fragment(
                FragmentDefinition {
                    position: Pos(123:1),
                    description: None,
                    name: "SomeNamedFragment",
                    type_condition: "SomeType",
                    directives: [],
                    selection_set: SelectionSet {
                        span: (
                            Pos(123:40),
                            Pos(129:1),
                        ),
                        items: [
                            Field(
                                Field {
                                    position: Pos(124:3),
                                    alias: None,
                                    name: "fieldOne",
                                    arguments: [],
                                    directives: [],
                                    selection_set: SelectionSet {
                                        span: (
                                            Pos(124:3),
                                            Pos(124:3),
                                        ),
                                        items: [],
                                    },
                                },
                            ),
                            Field(
                                Field {
                                    position: Pos(125:3),
                                    alias: Some(
                                        "aliased",
                                    ),
                                    name: "fieldTwo",
                                    arguments: [],
                                    directives: [],
                                    selection_set: SelectionSet {
                                        span: (
                                            Pos(125:21),
                                            Pos(127:3),
                                        ),
                                        items: [
                                            Field(
                                                Field {
                                                    position: Pos(126:5),
                                                    alias: None,
                                                    name: "some",
                                                    arguments: [],
                                                    directives: [],
                                                    selection_set: SelectionSet {
                                                        span: (
                                                            Pos(126:10),
                                                            Pos(126:17),
                                                        ),
                                                        items: [
                                                            Field(
                                                                Field {
                                                                    position: Pos(126:12),
                                                                    alias: None,
                                                                    name: "deep",
                                                                    arguments: [],
                                                                    directives: [],
                                                                    selection_set: SelectionSet {
                                                                        span: (
                                                                            Pos(126:12),
                                                                            Pos(126:12),
                                                                        ),
                                                                        items: [],
                                                                    },
                                                                },
                                                            ),
                                                        ],
                                                    },
                                                },
                                            ),
                                        ],
                                    },
                                },
                            ),
                            Field(
                                Field {
                                    position: Pos(128:3),
                                    alias: None,
                                    name: "yetAnother",
                                    arguments: [],
                                    directives: [
                                        Directive {
                                            position: Pos(128:14),
                                            name: "withADirective",
                                            arguments: [
                                                (
                                                    "param",
                                                    Int(
                                                        3,
                                                    ),
                                                ),
                                                (
                                                    "enumParam",
                                                    Enum(
                                                        "VALUE",
                                                    ),
                                                ),
                                            ],
                                        },
                                    ],
                                    selection_set: SelectionSet {
                                        span: (
                                            Pos(128:3),
                                            Pos(128:3),
                                        ),
                                        items: [],
                                    },
                                },
                            ),
                        ],
                    },
                },
            ),
            Operation(
                OperationDefinition {
                    position: Pos(131:1),
                    kind: Query,
                    description: None,
                    name: Some(
                        "StoredQuery",
                    ),
                    variable_definitions: [
                        VariableDefinition {
                            position: Pos(131:19),
                            name: "param",
                            var_type: NamedType(
                                "InputType",
                            ),
                            default_value: None,
                        },
                        VariableDefinition {
                            position: Pos(131:38),
                            name: "other",
                            var_type: NamedType(
                                "ScalarType",
                            ),
                            default_value: None,
                        },
                    ],
                    directives: [],
                    selection_set: SelectionSet {
                        span: (
                            Pos(131:58),
                            Pos(135:1),
                        ),
                        items: [
                            Field(
                                Field {
                                    position: Pos(132:3),
                                    alias: None,
                                    name: "lookup",
                                    arguments: [],
                                    directives: [],
                                    selection_set: SelectionSet {
                                        span: (
                                            Pos(132:10),
                                            Pos(134:3),
                                        ),
                                        items: [
                                            Field(
                                                Field {
                                                    position: Pos(133:5),
                                                    alias: None,
                                                    name: "various",
                                                    arguments: [],
                                                    directives: [],
                                                    selection_set: SelectionSet {
                                                        span: (
                                                            Pos(133:5),
                                                            Pos(133:5),
                                                        ),
                                                        items: [],
                                                    },
                                                },
                                            ),
                                            Field(
                                                Field {
                                                    position: Pos(133:13),
                                                    alias: None,
                                                    name: "things",
                                                    arguments: [],
                                                    directives: [],
                                                    selection_set: SelectionSet {
                                                        span: (
                                                            Pos(133:13),
                                                            Pos(133:13),
                                                        ),
                                                        items: [],
                                                    },
                                                },
                                            ),
                                        ],
                                    },
                                },
                            ),
                        ],
                    },
                },
            ),
        ],
    },
)
