---
source: stargate/crates/graphql-parser/tests/tests.rs
expression: "format!(\"{}\\n---\\n{:#?}\", & input, & result)"
---
directive @key(fields: String!, graph: String!) repeatable on OBJECT

---
Ok(
    Document {
        definitions: [
            Directive(
                DirectiveDefinition {
                    position: Pos(1:1),
                    description: None,
                    name: "key",
                    arguments: [
                        InputValue {
                            position: Pos(1:16),
                            description: None,
                            name: "fields",
                            value_type: NonNullType(
                                NamedType(
                                    "String",
                                ),
                            ),
                            default_value: None,
                            directives: [],
                        },
                        InputValue {
                            position: Pos(1:33),
                            description: None,
                            name: "graph",
                            value_type: NonNullType(
                                NamedType(
                                    "String",
                                ),
                            ),
                            default_value: None,
                            directives: [],
                        },
                    ],
                    locations: [
                        Object,
                    ],
                    is_repeatable: true,
                },
            ),
        ],
    },
)
