---
source: graphql-parser/tests/tests.rs
expression: "format!(\"{}\\n---\\n{:#?}\", & input, & result)"
---
input InputType {
  key: String!
  answer: Int = 42
}

---
Err(
    ParseError(
        "Parse error at 1:1\nUnexpected `input[Name]`\nExpected `{`, `query`, `mutation`, `subscription` or `fragment`\n",
    ),
)
