---
source: graphql-parser/tests/__generated__tests.rs
expression: "format!(\"{}\\n---\\n{:#?}\", & input, & result)"
---
type Foo {
  bar: Type
}

---
Err(
    ParseError(
        "Parse error at 1:1\nUnexpected `type[Name]`\nExpected `{`, `query`, `mutation`, `subscription` or `fragment`\n",
    ),
)
